FROM node:4.1.2
COPY path/to/src /path/to/dst
COPY path/to/src /path/to/dst
WORKDIR /app
RUN ["command","arg"]
RUN ["command","arg1","arg2"]
RUN ["command"]
CMD ["cmd","arg1","arg2"]
