FROM node:4.1.2
COPY path/to/src /path/to/dst
COPY path/to/src /path/to/dst
RUN ["command","arg"]
RUN ["command","arg1","arg2"]
RUN ["command"]
ENV TESTENV1=testvalue1
ENV TESTENV2=testvalue2
EXPOSE 123
EXPOSE 456
EXPOSE 789
CMD ["cmd","arg1","arg2"]
